    export __IS_NOT_MACOS_macosx\=NO
    export __IS_NOT_SIMULATOR\=YES
    export __IS_NOT_SIMULATOR_simulator\=NO
    export __ORIGINAL_SDK_DEFINED_LLVM_TARGET_TRIPLE_SYS\=ios
    export arch\=undefined_arch
    export variant\=normal
    /bin/sh -c /Users/runner/work/apppsi/apppsi/build/Build/Intermediates.noindex/Rudder.build/Release-iphoneos/Rudder.build/Script-00DD1BFF1BD5951E006B06BC.sh
+ DEST=/Users/runner/work/apppsi/apppsi/build/Build/Products/Release-iphoneos/Rudder.app
+ [[ ! -n '' ]]
+ [[ Release = *Debug* ]]
+ [[ -n '' ]]
+ case "$CONFIGURATION" in
+ DEV=false
+++ dirname /Users/runner/work/apppsi/apppsi/node_modules/react-native/scripts/react-native-xcode.sh
++ cd /Users/runner/work/apppsi/apppsi/node_modules/react-native/scripts/..
++ pwd
+ REACT_NATIVE_DIR=/Users/runner/work/apppsi/apppsi/node_modules/react-native
+ PROJECT_ROOT=/Users/runner/work/apppsi/apppsi/ios/..
+ cd /Users/runner/work/apppsi/apppsi/ios/..
+ [[ -n /Users/runner/work/apppsi/apppsi/node_modules/expo-router/entry.js ]]
+ :
+ source /Users/runner/work/apppsi/apppsi/node_modules/react-native/scripts/node-binary.sh
++ '[' -z /Users/runner/hostedtoolcache/node/22.23.1/arm64/bin/node ']'
++ type /Users/runner/hostedtoolcache/node/22.23.1/arm64/bin/node
+ HERMES_ENGINE_PATH=/Users/runner/work/apppsi/apppsi/ios/Pods/hermes-engine
+ '[' -z /Users/runner/work/apppsi/apppsi/node_modules/hermes-compiler/hermesc/osx-bin/hermesc ']'
+ [[ true != false ]]
+ [[ -f /Users/runner/work/apppsi/apppsi/ios/Pods/hermes-engine ]]
+ '[' -z '' ']'
+ export NODE_ARGS=
+ NODE_ARGS=
+ '[' -z /Users/runner/work/apppsi/apppsi/node_modules/@expo/cli/build/bin/cli ']'
+ '[' -z export:embed ']'
+ '[' -z '' ']'
+ COMPOSE_SOURCEMAP_PATH=/Users/runner/work/apppsi/apppsi/node_modules/react-native/scripts/compose-source-maps.js
+ [[ -z '' ]]
+ CONFIG_ARG=
+ [[ -z '' ]]
+ BUNDLE_NAME=main
+ BUNDLE_FILE=/Users/runner/work/apppsi/apppsi/build/Build/Products/Release-iphoneos/main.jsbundle
+ EXTRA_ARGS=()
+ case "$PLATFORM_NAME" in
+ BUNDLE_PLATFORM=ios
+ '[' '' = YES ']'
+ EMIT_SOURCEMAP=
+ [[ ! -z '' ]]
+ PACKAGER_SOURCEMAP_FILE=
+ [[ '' == true ]]
+ [[ true != false ]]
+ [[ false == false ]]
+ EXTRA_ARGS+=("--minify" "false")
+ [[ -n '' ]]
+ [[ -n '' ]]
+ EXTRA_ARGS+=("--config-cmd" "'$NODE_BINARY' $NODE_ARGS '$REACT_NATIVE_DIR/cli.js' config")
+ /Users/runner/hostedtoolcache/node/22.23.1/arm64/bin/node /Users/runner/work/apppsi/apppsi/node_modules/@expo/cli/build/bin/cli export:embed --entry-file /Users/runner/work/apppsi/apppsi/node_modules/expo-router/entry.js --platform ios --dev false --reset-cache --bundle-output /Users/runner/work/apppsi/apppsi/build/Build/Products/Release-iphoneos/main.jsbundle --assets-dest /Users/runner/work/apppsi/apppsi/build/Build/Products/Release-iphoneos/Rudder.app --minify false --config-cmd ''\''/Users/runner/hostedtoolcache/node/22.23.1/arm64/bin/node'\''  '\''/Users/runner/work/apppsi/apppsi/node_modules/react-native/cli.js'\'' config'
Starting Metro Bundler

iOS Bundled 14274ms node_modules/expo-router/entry.js (2072 modules)
Writing bundle output to: /Users/runner/work/apppsi/apppsi/build/Build/Products/Release-iphoneos/main.jsbundle
Copying 22 asset files
Done writing bundle output
+ [[ true == false ]]
+ EXTRA_COMPILER_ARGS=
+ [[ false == true ]]
+ EXTRA_COMPILER_ARGS=-O
+ [[ '' == true ]]
+ /Users/runner/work/apppsi/apppsi/node_modules/hermes-compiler/hermesc/osx-bin/hermesc -emit-binary -max-diagnostic-width=80 -O -out /Users/runner/work/apppsi/apppsi/build/Build/Products/Release-iphoneos/Rudder.app/main.jsbundle /Users/runner/work/apppsi/apppsi/build/Build/Products/Release-iphoneos/main.jsbundle
/Users/runner/work/apppsi/apppsi/build/Build/Products/Release-iphoneos/main.jsbundle:869:13: warning: the variable "Promise" was not declared in anonymous function
    var z = Promise,
            ^~~~~~~
/Users/runner/work/apppsi/apppsi/build/Build/Products/Release-iphoneos/main.jsbundle:3444:24: warning: the variable "URL" was not declared in anonymous arrow function
        props[0] = new URL(props[0], window.location?.origin).toString();
                       ^~~
/Users/runner/work/apppsi/apppsi/build/Build/Products/Release-iphoneos/main.jsbundle:3469:42: warning: the variable "fetch" was not declared in anonymous function
      value: wrapFetchWithWindowLocation(fetch)
                                         ^~~~~
/Users/runner/work/apppsi/apppsi/build/Build/Products/Release-iphoneos/main.jsbundle:5799:57: warning: the variable "AbortSignal" was not declared in anonymous function
        if (signal !== undefined && !(signal instanceof AbortSignal)) {
                                                        ^~~~~~~~~~~
/Users/runner/work/apppsi/apppsi/build/Build/Products/Release-iphoneos/main.jsbundle:6053:71: warning: the variable "performance" was not declared in anonymous function
...!== undefined ? initTimestamp : performance.now();
                                   ^~~~~~~~~~~
/Users/runner/work/apppsi/apppsi/build/Build/Products/Release-iphoneos/main.jsbundle:18464:7: warning: the variable "setTimeout" was not declared in function "logUncaughtError"
      setTimeout(function () {
      ^~~~~~~~~~
/Users/runner/work/apppsi/apppsi/build/Build/Products/Release-iphoneos/main.jsbundle:21242:31: warning: the variable "nativeFabricUIManager" was not declared in anonymous function
  var _nativeFabricUIManage = nativeFabricUIManager,
                              ^~~~~~~~~~~~~~~~~~~~~
/Users/runner/work/apppsi/apppsi/build/Build/Products/Release-iphoneos/main.jsbundle:21306:21: warning: the variable "clearTimeout" was not declared in anonymous function
    cancelTimeout = clearTimeout;
                    ^~~~~~~~~~~~
/Users/runner/work/apppsi/apppsi/build/Build/Products/Release-iphoneos/main.jsbundle:26095:15: warning: the variable "Blob" was not declared in anonymous function
          new Blob();
              ^~~~
/Users/runner/work/apppsi/apppsi/build/Build/Products/Release-iphoneos/main.jsbundle:26234:24: warning: the variable "FileReader" was not declared in function "readBlobAsArrayBuffer"
      var reader = new FileReader();
                       ^~~~~~~~~~
/Users/runner/work/apppsi/apppsi/build/Build/Products/Release-iphoneos/main.jsbundle:26287:40: warning: the variable "FormData" was not declared in anonymous function
        } else if (support.formData && FormData.prototype.isPrototypeOf(body)) {
                                       ^~~~~~~~
/Users/runner/work/apppsi/apppsi/build/Build/Products/Release-iphoneos/main.jsbundle:26289:44: warning: the variable "URLSearchParams" was not declared in anonymous function
...e if (support.searchParams && URLSearchParams.prototype.isPrototypeOf(body...
                                 ^~~~~~~~~~~~~~~
/Users/runner/work/apppsi/apppsi/build/Build/Products/Release-iphoneos/main.jsbundle:26542:23: warning: the variable "XMLHttpRequest" was not declared in anonymous function
        var xhr = new XMLHttpRequest();
                      ^~~~~~~~~~~~~~
/Users/runner/work/apppsi/apppsi/build/Build/Products/Release-iphoneos/main.jsbundle:30887:25: warning: the variable "ErrorUtils" was not declared in anonymous function
    var globalHandler = ErrorUtils.getGlobalHandler();
                        ^~~~~~~~~~
/Users/runner/work/apppsi/apppsi/build/Build/Products/Release-iphoneos/main.jsbundle:30972:22: warning: the variable "DOMException" was not declared in function "timeout"
    var reason = new DOMException('The signal timed out.', 'TimeoutError');
                     ^~~~~~~~~~~~
/Users/runner/work/apppsi/apppsi/build/Build/Products/Release-iphoneos/main.jsbundle:31720:35: warning: the variable "TransformStream" was not declared in anonymous function
  class TextDecoderStream extends TransformStream {
                                  ^~~~~~~~~~~~~~~
/Users/runner/work/apppsi/apppsi/build/Build/Products/Release-iphoneos/main.jsbundle:31722:25: warning: the variable "TextDecoder" was not declared in anonymous function
      var decoder = new TextDecoder(label, options);
                        ^~~~~~~~~~~
/Users/runner/work/apppsi/apppsi/build/Build/Products/Release-iphoneos/main.jsbundle:31759:25: warning: the variable "TextEncoder" was not declared in anonymous function
      var encoder = new TextEncoder();
                        ^~~~~~~~~~~
/Users/runner/work/apppsi/apppsi/build/Build/Products/Release-iphoneos/main.jsbundle:34027:50: warning: the variable "Request" was not declared in anonymous arrow function
...ody' in input || input instanceof Request || input[Symbol.toStringTag] ===...
                                     ^~~~~~~
/Users/runner/work/apppsi/apppsi/build/Build/Products/Release-iphoneos/main.jsbundle:37406:13: warning: the variable "clearImmediate" was not declared in anonymous arrow function
            clearImmediate(flushQueueImmediate);
            ^~~~~~~~~~~~~~
/Users/runner/work/apppsi/apppsi/build/Build/Products/Release-iphoneos/main.jsbundle:38969:32: warning: the variable "requestAnimationFrame" was not declared in anonymous function
        this._animationFrame = requestAnimationFrame(() => this.onUpdate());
                               ^~~~~~~~~~~~~~~~~~~~~
/Users/runner/work/apppsi/apppsi/build/Build/Products/Release-iphoneos/main.jsbundle:55494:22: warning: the variable "ReadableStream" was not declared in function "wrapWithConsumption"
    var stream = new ReadableStream({
                     ^~~~~~~~~~~~~~
/Users/runner/work/apppsi/apppsi/build/Build/Products/Release-iphoneos/main.jsbundle:55701:18: warning: the variable "Headers" was not declared in anonymous function
      return new Headers(this._rawHeaders);
                 ^~~~~~~
/Users/runner/work/apppsi/apppsi/build/Build/Products/Release-iphoneos/main.jsbundle:56332:16: warning: Direct call to eval(), but lexical scope is not supported.
        return eval(body);
               ^~~~
/Users/runner/work/apppsi/apppsi/build/Build/Products/Release-iphoneos/main.jsbundle:57402:21: warning: the variable "Image" was not declared in anonymous arrow function
      var img = new Image();
                    ^~~~~
/Users/runner/work/apppsi/apppsi/build/Build/Products/Release-iphoneos/main.jsbundle:69001:9: warning: the variable "REACT_NAVIGATION_DEVTOOLS" was not declared in anonymous arrow function
        REACT_NAVIGATION_DEVTOOLS.set(refContainer.current, {
        ^~~~~~~~~~~~~~~~~~~~~~~~~
/Users/runner/work/apppsi/apppsi/build/Build/Products/Release-iphoneos/main.jsbundle:73329:11: warning: the variable "cancelAnimationFrame" was not declared in anonymous arrow function
          cancelAnimationFrame(animationFrame);
          ^~~~~~~~~~~~~~~~~~~~
/Users/runner/work/apppsi/apppsi/build/Build/Products/Release-iphoneos/main.jsbundle:81258:26: warning: the variable "ResizeObserver" was not declared in anonymous arrow function
      var observer = new ResizeObserver(entries => {
                         ^~~~~~~~~~~~~~
/Users/runner/work/apppsi/apppsi/build/Build/Products/Release-iphoneos/main.jsbundle:82436:16: warning: the variable "requestIdleCallback" was not declared in anonymous arrow function
      var id = requestIdleCallback(() => {
               ^~~~~~~~~~~~~~~~~~~
/Users/runner/work/apppsi/apppsi/build/Build/Products/Release-iphoneos/main.jsbundle:82439:20: warning: the variable "cancelIdleCallback" was not declared in anonymous arrow function
      return () => cancelIdleCallback(id);
                   ^~~~~~~~~~~~~~~~~~
/Users/runner/work/apppsi/apppsi/build/Build/Products/Release-iphoneos/main.jsbundle:101753:56: warning: the variable "WeakRef" was not declared in function "registerDatabaseForDevToolsAsync"
    registeredDatabases.set(database.databasePath, new WeakRef(database));
                                                       ^~~~~~~
/Users/runner/work/apppsi/apppsi/build/Build/Products/Release-iphoneos/main.jsbundle:102419:43: warning: the variable "WebSocket" was not declared in anonymous function
      if (this.wsStore.ws?.readyState === WebSocket.CLOSED) {
                                          ^~~~~~~~~
/Users/runner/work/apppsi/apppsi/build/Build/Products/Release-iphoneos/main.jsbundle:112251:12: warning: the variable "atob" was not declared in anonymous arrow function
    return atob(content);
           ^~~~
/Users/runner/work/apppsi/apppsi/build/Build/Products/Release-iphoneos/main.jsbundle:126222:29: warning: the variable "MouseEvent" was not declared in function "isMouseEvent"
    return event instanceof MouseEvent;
                            ^~~~~~~~~~
/Users/runner/work/apppsi/apppsi/build/Build/Products/Release-iphoneos/main.jsbundle:133309:30: warning: the variable "Element" was not declared in function "resolveCSSVariables"
    if (!(element instanceof Element)) return {
                             ^~~~~~~
/Users/runner/work/apppsi/apppsi/build/Build/Products/Release-iphoneos/main.jsbundle:133480:32: warning: the variable "getComputedStyle" was not declared in anonymous function
    var elementComputedStyle = getComputedStyle(element);
                               ^~~~~~~~~~~~~~~~
/Users/runner/work/apppsi/apppsi/build/Build/Products/Release-iphoneos/main.jsbundle:134216:42: warning: the variable "SVGElement" was not declared in anonymous function
...his.isSVG = instance instanceof SVGElement && instance.tagName !== "svg";
                                   ^~~~~~~~~~
/Users/runner/work/apppsi/apppsi/build/Build/Products/Release-iphoneos/main.jsbundle:137630:7: warning: the variable "CSS" was not declared in function "registerCssVariable"
      CSS.registerProperty({
      ^~~
/Users/runner/work/apppsi/apppsi/build/Build/Products/Release-iphoneos/main.jsbundle:138639:27: warning: the variable "length" was not declared in function "createAnimationsFromTimeline"
          var remainder = length - valueKeyframes.length;
                          ^~~~~~
/Users/runner/work/apppsi/apppsi/build/Build/Products/Release-iphoneos/main.jsbundle:140220:30: warning: the variable "HTMLElement" was not declared in function "calcInset"
      if (current instanceof HTMLElement) {
                             ^~~~~~~~~~~
/Users/runner/work/apppsi/apppsi/build/Build/Products/Release-iphoneos/main.jsbundle:140224:37: warning: the variable "SVGGraphicsElement" was not declared in function "calcInset"
...else if (current instanceof SVGGraphicsElement && "getBBox" in current) {
                               ^~~~~~~~~~~~~~~~~~
/Users/runner/work/apppsi/apppsi/build/Build/Products/Release-iphoneos/main.jsbundle:140649:43: warning: the variable "CustomEvent" was not declared in anonymous arrow function
  var motionEvent = (name, target) => new CustomEvent(name, {
                                          ^~~~~~~~~~~
/Users/runner/work/apppsi/apppsi/build/Build/Products/Release-iphoneos/main.jsbundle:146285:28: warning: Direct call to eval(), but lexical scope is not supported.
              workletFun = eval('(' + initData.code + '\n)');
                           ^~~~
/Users/runner/work/apppsi/apppsi/build/Build/Products/Release-iphoneos/main.jsbundle:170880:24: warning: the variable "MutationObserver" was not declared in function "addHTMLMutationObserver"
    var observer = new MutationObserver(mutationsList => {
                       ^~~~~~~~~~~~~~~~
/Users/runner/work/apppsi/apppsi/build/Build/Products/Release-iphoneos/main.jsbundle:171330:25: warning: the variable "setInterval" was not declared in anonymous function
      this.intervalId = setInterval(this.syncPropsBackToReact.bind(this), FLU...
                        ^~~~~~~~~~~
/Users/runner/work/apppsi/apppsi/build/Build/Products/Release-iphoneos/main.jsbundle:171334:9: warning: the variable "clearInterval" was not declared in anonymous function
        clearInterval(this.intervalId);
        ^~~~~~~~~~~~~
/Users/runner/work/apppsi/apppsi/build/Build/Products/Release-iphoneos/main.jsbundle:176790:5: warning: the variable "jest" was not declared in anonymous arrow function
    jest.useFakeTimers();
    ^~~~
/Users/runner/work/apppsi/apppsi/build/Build/Products/Release-iphoneos/main.jsbundle:195080:7: warning: the variable "alert" was not declared in function "throwOrAlert"
      alert(msg);
      ^~~~~
+ [[ '' == true ]]
+ BUNDLE_FILE=/Users/runner/work/apppsi/apppsi/build/Build/Products/Release-iphoneos/Rudder.app/main.jsbundle
+ [[ false != true ]]
+ [[ ! -f /Users/runner/work/apppsi/apppsi/build/Build/Products/Release-iphoneos/Rudder.app/main.jsbundle ]]

GenerateDSYMFile /Users/runner/work/apppsi/apppsi/build/Build/Products/Release-iphoneos/Rudder.app.dSYM /Users/runner/work/apppsi/apppsi/build/Build/Products/Release-iphoneos/Rudder.app/Rudder (in target 'Rudder' from project 'Rudder')
    cd /Users/runner/work/apppsi/apppsi/ios
    /Applications/Xcode_26.6.app/Contents/Developer/Toolchains/XcodeDefault.xctoolchain/usr/bin/dsymutil /Users/runner/work/apppsi/apppsi/build/Build/Products/Release-iphoneos/Rudder.app/Rudder -o /Users/runner/work/apppsi/apppsi/build/Build/Products/Release-iphoneos/Rudder.app.dSYM

PhaseScriptExecution [CP]\ Copy\ Pods\ Resources /Users/runner/work/apppsi/apppsi/build/Build/Intermediates.noindex/Rudder.build/Release-iphoneos/Rudder.build/Script-800E24972A6A228C8D4807E9.sh (in target 'Rudder' from project 'Rudder')
    cd /Users/runner/work/apppsi/apppsi/ios
    /bin/sh -c /Users/runner/work/apppsi/apppsi/build/Build/Intermediates.noindex/Rudder.build/Release-iphoneos/Rudder.build/Script-800E24972A6A228C8D4807E9.sh
/Users/runner/work/apppsi/apppsi/build/Build/Products/Release-iphoneos/EXApplication/ExpoApplication_privacy.bundle
/Users/runner/work/apppsi/apppsi/build/Build/Products/Release-iphoneos/EXConstants/EXConstants.bundle
/Users/runner/work/apppsi/apppsi/build/Build/Products/Release-iphoneos/EXConstants/ExpoConstants_privacy.bundle
/Users/runner/work/apppsi/apppsi/build/Build/Products/Release-iphoneos/ExpoFileSystem/ExpoFileSystem_privacy.bundle
/Users/runner/work/apppsi/apppsi/build/Build/Products/Release-iphoneos/ExpoNotifications/ExpoNotifications_privacy.bundle
/Users/runner/work/apppsi/apppsi/build/Build/Products/Release-iphoneos/ExpoTaskManager/ExpoTaskManager_privacy.bundle
/Users/runner/work/apppsi/apppsi/build/Build/Products/Release-iphoneos/RNSVG/RNSVGFilters.bundle
/Users/runner/work/apppsi/apppsi/build/Build/Products/Release-iphoneos/React-Core/React-Core_privacy.bundle
/Users/runner/work/apppsi/apppsi/build/Build/Products/Release-iphoneos/React-cxxreact/React-cxxreact_privacy.bundle
/Users/runner/work/apppsi/apppsi/build/Build/Products/Release-iphoneos/React-timing/React-timing_privacy.bundle
Transfer starting: 30 files
EXConstants.bundle/
EXConstants.bundle/Info.plist
EXConstants.bundle/app.config
ExpoApplication_privacy.bundle/
ExpoApplication_privacy.bundle/Info.plist
ExpoApplication_privacy.bundle/PrivacyInfo.xcprivacy
ExpoConstants_privacy.bundle/
ExpoConstants_privacy.bundle/Info.plist
ExpoConstants_privacy.bundle/PrivacyInfo.xcprivacy
ExpoFileSystem_privacy.bundle/
ExpoFileSystem_privacy.bundle/Info.plist
ExpoNotifications_privacy.bundle/
ExpoNotifications_privacy.bundle/Info.plist
ExpoNotifications_privacy.bundle/PrivacyInfo.xcprivacy
ExpoTaskManager_privacy.bundle/
ExpoTaskManager_privacy.bundle/Info.plist
ExpoTaskManager_privacy.bundle/PrivacyInfo.xcprivacy
RNSVGFilters.bundle/
RNSVGFilters.bundle/Info.plist
RNSVGFilters.bundle/RNSVGArithmeticFilter.iphoneos.metallib
RNSVGFilters.bundle/RNSVGCompositeXor.iphoneos.metallib
React-Core_privacy.bundle/
React-Core_privacy.bundle/Info.plist
React-Core_privacy.bundle/PrivacyInfo.xcprivacy
React-cxxreact_privacy.bundle/
React-cxxreact_privacy.bundle/Info.plist
React-cxxreact_privacy.bundle/PrivacyInfo.xcprivacy
React-timing_privacy.bundle/
React-timing_privacy.bundle/Info.plist
React-timing_privacy.bundle/PrivacyInfo.xcprivacy

sent 23765 bytes  received 520 bytes  2404455 bytes/sec
total size is 20843  speedup is 0.86

PhaseScriptExecution [CP]\ Embed\ Pods\ Frameworks /Users/runner/work/apppsi/apppsi/build/Build/Intermediates.noindex/Rudder.build/Release-iphoneos/Rudder.build/Script-0B4ED506FBA08E261AADAC2B.sh (in target 'Rudder' from project 'Rudder')
    cd /Users/runner/work/apppsi/apppsi/ios
    /bin/sh -c /Users/runner/work/apppsi/apppsi/build/Build/Intermediates.noindex/Rudder.build/Release-iphoneos/Rudder.build/Script-0B4ED506FBA08E261AADAC2B.sh
mkdir -p /Users/runner/work/apppsi/apppsi/build/Build/Products/Release-iphoneos/Rudder.app/Frameworks
rsync --delete -av --filter P .*.?????? --links --filter "- CVS/" --filter "- .svn/" --filter "- .git/" --filter "- .hg/" --filter "- Headers" --filter "- PrivateHeaders" --filter "- Modules" "/Users/runner/work/apppsi/apppsi/build/Build/Products/Release-iphoneos/XCFrameworkIntermediates/ExpoFileSystem/ExpoFileSystem.framework" "/Users/runner/work/apppsi/apppsi/build/Build/Products/Release-iphoneos/Rudder.app/Frameworks"
Transfer starting: 3 files
ExpoFileSystem.framework/
ExpoFileSystem.framework/ExpoFileSystem
ExpoFileSystem.framework/Info.plist

sent 1129890 bytes  received 70 bytes  111877227 bytes/sec
total size is 1129326  speedup is 1.00
rsync --delete -av --filter P .*.?????? --links --filter "- CVS/" --filter "- .svn/" --filter "- .git/" --filter "- .hg/" --filter "- Headers" --filter "- PrivateHeaders" --filter "- Modules" "/Users/runner/work/apppsi/apppsi/build/Build/Products/Release-iphoneos/XCFrameworkIntermediates/ExpoFont/ExpoFont.framework" "/Users/runner/work/apppsi/apppsi/build/Build/Products/Release-iphoneos/Rudder.app/Frameworks"
Transfer starting: 3 files
ExpoFont.framework/
ExpoFont.framework/ExpoFont
ExpoFont.framework/Info.plist

sent 204920 bytes  received 70 bytes  33604918 bytes/sec
total size is 204492  speedup is 1.00
rsync --delete -av --filter P .*.?????? --links --filter "- CVS/" --filter "- .svn/" --filter "- .git/" --filter "- .hg/" --filter "- Headers" --filter "- PrivateHeaders" --filter "- Modules" "/Users/runner/work/apppsi/apppsi/build/Build/Products/Release-iphoneos/XCFrameworkIntermediates/ExpoLocation/ExpoLocation.framework" "/Users/runner/work/apppsi/apppsi/build/Build/Products/Release-iphoneos/Rudder.app/Frameworks"
Transfer starting: 3 files
ExpoLocation.framework/
ExpoLocation.framework/ExpoLocation
ExpoLocation.framework/Info.plist

sent 441176 bytes  received 70 bytes  86518823 bytes/sec
total size is 440704  speedup is 1.00
rsync --delete -av --filter P .*.?????? --links --filter "- CVS/" --filter "- .svn/" --filter "- .git/" --filter "- .hg/" --filter "- Headers" --filter "- PrivateHeaders" --filter "- Modules" "/Users/runner/work/apppsi/apppsi/build/Build/Products/Release-iphoneos/XCFrameworkIntermediates/ExpoModulesCore/ExpoModulesCore.framework" "/Users/runner/work/apppsi/apppsi/build/Build/Products/Release-iphoneos/Rudder.app/Frameworks"
Transfer starting: 3 files
ExpoModulesCore.framework/
ExpoModulesCore.framework/ExpoModulesCore
ExpoModulesCore.framework/Info.plist

sent 3742667 bytes  received 70 bytes  113073625 bytes/sec
total size is 3741779  speedup is 1.00
rsync --delete -av --filter P .*.?????? --links --filter "- CVS/" --filter "- .svn/" --filter "- .git/" --filter "- .hg/" --filter "- Headers" --filter "- PrivateHeaders" --filter "- Modules" "/Users/runner/work/apppsi/apppsi/build/Build/Products/Release-iphoneos/XCFrameworkIntermediates/ExpoModulesJSI/ExpoModulesJSI.framework" "/Users/runner/work/apppsi/apppsi/build/Build/Products/Release-iphoneos/Rudder.app/Frameworks"
Transfer starting: 3 files
ExpoModulesJSI.framework/
ExpoModulesJSI.framework/ExpoModulesJSI
ExpoModulesJSI.framework/Info.plist

sent 1409113 bytes  received 70 bytes  126953423 bytes/sec
total size is 1408517  speedup is 1.00
rsync --delete -av --filter P .*.?????? --links --filter "- CVS/" --filter "- .svn/" --filter "- .git/" --filter "- .hg/" --filter "- Headers" --filter "- PrivateHeaders" --filter "- Modules" "/Users/runner/work/apppsi/apppsi/build/Build/Products/Release-iphoneos/XCFrameworkIntermediates/ExpoModulesWorklets/ExpoModulesWorklets.framework" "/Users/runner/work/apppsi/apppsi/build/Build/Products/Release-iphoneos/Rudder.app/Frameworks"
Transfer starting: 3 files
ExpoModulesWorklets.framework/
ExpoModulesWorklets.framework/ExpoModulesWorklets
ExpoModulesWorklets.framework/Info.plist

sent 164463 bytes  received 70 bytes  53075161 bytes/sec
total size is 163999  speedup is 1.00
rsync --delete -av --filter P .*.?????? --links --filter "- CVS/" --filter "- .svn/" --filter "- .git/" --filter "- .hg/" --filter "- Headers" --filter "- PrivateHeaders" --filter "- Modules" "/Users/runner/work/apppsi/apppsi/build/Build/Products/Release-iphoneos/XCFrameworkIntermediates/React-Core-prebuilt/React.framework" "/Users/runner/work/apppsi/apppsi/build/Build/Products/Release-iphoneos/Rudder.app/Frameworks"
Transfer starting: 3 files
React.framework/
React.framework/Info.plist
React.framework/React

sent 12017384 bytes  received 70 bytes  139575540 bytes/sec
total size is 12015528  speedup is 1.00
rsync --delete -av --filter P .*.?????? --links --filter "- CVS/" --filter "- .svn/" --filter "- .git/" --filter "- .hg/" --filter "- Headers" --filter "- PrivateHeaders" --filter "- Modules" "/Users/runner/work/apppsi/apppsi/build/Build/Products/Release-iphoneos/XCFrameworkIntermediates/ReactNativeDependencies/ReactNativeDependencies.framework" "/Users/runner/work/apppsi/apppsi/build/Build/Products/Release-iphoneos/Rudder.app/Frameworks"
Transfer starting: 12 files
ReactNativeDependencies.framework/
ReactNativeDependencies.framework/Info.plist
ReactNativeDependencies.framework/ReactNativeDependencies
ReactNativeDependencies.framework/ReactNativeDependencies_boost.bundle/
ReactNativeDependencies.framework/ReactNativeDependencies_boost.bundle/Info.plist
ReactNativeDependencies.framework/ReactNativeDependencies_boost.bundle/PrivacyInfo.xcprivacy
ReactNativeDependencies.framework/ReactNativeDependencies_folly.bundle/
ReactNativeDependencies.framework/ReactNativeDependencies_folly.bundle/Info.plist
ReactNativeDependencies.framework/ReactNativeDependencies_folly.bundle/PrivacyInfo.xcprivacy
ReactNativeDependencies.framework/ReactNativeDependencies_glog.bundle/
ReactNativeDependencies.framework/ReactNativeDependencies_glog.bundle/Info.plist
ReactNativeDependencies.framework/ReactNativeDependencies_glog.bundle/PrivacyInfo.xcprivacy

sent 1242199 bytes  received 220 bytes  102679256 bytes/sec
total size is 1240342  speedup is 1.00
rsync --delete -av --filter P .*.?????? --links --filter "- CVS/" --filter "- .svn/" --filter "- .git/" --filter "- .hg/" --filter "- Headers" --filter "- PrivateHeaders" --filter "- Modules" "/Users/runner/work/apppsi/apppsi/build/Build/Products/Release-iphoneos/XCFrameworkIntermediates/hermes-engine/Pre-built/hermesvm.framework" "/Users/runner/work/apppsi/apppsi/build/Build/Products/Release-iphoneos/Rudder.app/Frameworks"
Transfer starting: 3 files
hermesvm.framework/
hermesvm.framework/Info.plist
hermesvm.framework/hermesvm

sent 5063855 bytes  received 70 bytes  82879296 bytes/sec
total size is 5062835  speedup is 1.00

ExtractAppIntentsMetadata (in target 'Rudder' from project 'Rudder')
    cd /Users/runner/work/apppsi/apppsi/ios
    /Applications/Xcode_26.6.app/Contents/Developer/Toolchains/XcodeDefault.xctoolchain/usr/bin/appintentsmetadataprocessor --toolchain-dir /var/run/com.apple.security.cryptexd/mnt/com.apple.MobileAsset.MetalToolchain-v17.6.109.0.FSdoLp/Metal.xctoolchain --module-name Rudder --sdk-root /Applications/Xcode_26.6.app/Contents/Developer/Platforms/iPhoneOS.platform/Developer/SDKs/iPhoneOS26.5.sdk --xcode-version 17F113 --platform-family iOS --deployment-target 16.4 --bundle-identifier com.rudder.capture --output /Users/runner/work/apppsi/apppsi/build/Build/Products/Release-iphoneos/Rudder.app --target-triple arm64-apple-ios16.4 --binary-file /Users/runner/work/apppsi/apppsi/build/Build/Products/Release-iphoneos/Rudder.app/Rudder --dependency-file /Users/runner/work/apppsi/apppsi/build/Build/Intermediates.noindex/Rudder.build/Release-iphoneos/Rudder.build/Objects-normal/arm64/Rudder_dependency_info.dat --stringsdata-file /Users/runner/work/apppsi/apppsi/build/Build/Intermediates.noindex/Rudder.build/Release-iphoneos/Rudder.build/Objects-normal/arm64/ExtractedAppShortcutsMetadata.stringsdata --source-file-list /Users/runner/work/apppsi/apppsi/build/Build/Intermediates.noindex/Rudder.build/Release-iphoneos/Rudder.build/Objects-normal/arm64/Rudder.SwiftFileList --metadata-file-list /Users/runner/work/apppsi/apppsi/build/Build/Intermediates.noindex/Rudder.build/Release-iphoneos/Rudder.build/Rudder.DependencyMetadataFileList --static-metadata-file-list /Users/runner/work/apppsi/apppsi/build/Build/Intermediates.noindex/Rudder.build/Release-iphoneos/Rudder.build/Rudder.DependencyStaticMetadataFileList --swift-const-vals-list /Users/runner/work/apppsi/apppsi/build/Build/Intermediates.noindex/Rudder.build/Release-iphoneos/Rudder.build/Objects-normal/arm64/Rudder.SwiftConstValuesFileList --compile-time-extraction --deployment-aware-processing --validate-assistant-intents --no-app-shortcuts-localization
2026-08-01 07:04:57.300 appintentsmetadataprocessor[21907:63463] Starting appintentsmetadataprocessor export
2026-08-01 07:04:57.318 appintentsmetadataprocessor[21907:63463] Extracted no relevant App Intents symbols, skipping writing output

CopySwiftLibs /Users/runner/work/apppsi/apppsi/build/Build/Products/Release-iphoneos/Rudder.app (in target 'Rudder' from project 'Rudder')
    cd /Users/runner/work/apppsi/apppsi/ios
    builtin-swiftStdLibTool --copy --verbose --scan-executable /Users/runner/work/apppsi/apppsi/build/Build/Products/Release-iphoneos/Rudder.app/Rudder --scan-folder /Users/runner/work/apppsi/apppsi/build/Build/Products/Release-iphoneos/Rudder.app/Frameworks --scan-folder /Users/runner/work/apppsi/apppsi/build/Build/Products/Release-iphoneos/Rudder.app/PlugIns --scan-folder /Users/runner/work/apppsi/apppsi/build/Build/Products/Release-iphoneos/Rudder.app/SystemExtensions --scan-folder /Users/runner/work/apppsi/apppsi/build/Build/Products/Release-iphoneos/Rudder.app/Extensions --platform iphoneos --toolchain /var/run/com.apple.security.cryptexd/mnt/com.apple.MobileAsset.MetalToolchain-v17.6.109.0.FSdoLp/Metal.xctoolchain --toolchain /Applications/Xcode_26.6.app/Contents/Developer/Toolchains/XcodeDefault.xctoolchain --destination /Users/runner/work/apppsi/apppsi/build/Build/Products/Release-iphoneos/Rudder.app/Frameworks --strip-bitcode --strip-bitcode-tool /Applications/Xcode_26.6.app/Contents/Developer/Toolchains/XcodeDefault.xctoolchain/usr/bin/bitcode_strip --emit-dependency-info /Users/runner/work/apppsi/apppsi/build/Build/Intermediates.noindex/Rudder.build/Release-iphoneos/Rudder.build/SwiftStdLibToolInputDependencies.dep --filter-for-swift-os --back-deploy-swift-span
Ignoring --strip-bitcode because --sign was not passed

AppIntentsSSUTraining (in target 'Rudder' from project 'Rudder')
    cd /Users/runner/work/apppsi/apppsi/ios
    /Applications/Xcode_26.6.app/Contents/Developer/Toolchains/XcodeDefault.xctoolchain/usr/bin/appintentsnltrainingprocessor --infoplist-path /Users/runner/work/apppsi/apppsi/build/Build/Products/Release-iphoneos/Rudder.app/Info.plist --temp-dir-path /Users/runner/work/apppsi/apppsi/build/Build/Intermediates.noindex/Rudder.build/Release-iphoneos/Rudder.build/ssu --bundle-id com.rudder.capture --product-path /Users/runner/work/apppsi/apppsi/build/Build/Products/Release-iphoneos/Rudder.app --extracted-metadata-path /Users/runner/work/apppsi/apppsi/build/Build/Products/Release-iphoneos/Rudder.app/Metadata.appintents --metadata-file-list /Users/runner/work/apppsi/apppsi/build/Build/Intermediates.noindex/Rudder.build/Release-iphoneos/Rudder.build/Rudder.DependencyMetadataFileList --source-file /Users/runner/work/apppsi/apppsi/build/Build/Products/Release-iphoneos/Rudder.app/Info.plist --archive-ssu-assets
2026-08-01 07:04:57.351 appintentsnltrainingprocessor[21908:63480] Parsing options for appintentsnltrainingprocessor
2026-08-01 07:04:57.351 appintentsnltrainingprocessor[21908:63480] Starting AppIntents SSU YAML Generation
2026-08-01 07:04:57.356 appintentsnltrainingprocessor[21908:63480] No AppShortcuts found - Skipping.

RegisterExecutionPolicyException /Users/runner/work/apppsi/apppsi/build/Build/Products/Release-iphoneos/Rudder.app (in target 'Rudder' from project 'Rudder')
    cd /Users/runner/work/apppsi/apppsi/ios
    builtin-RegisterExecutionPolicyException /Users/runner/work/apppsi/apppsi/build/Build/Products/Release-iphoneos/Rudder.app

Validate /Users/runner/work/apppsi/apppsi/build/Build/Products/Release-iphoneos/Rudder.app (in target 'Rudder' from project 'Rudder')
    cd /Users/runner/work/apppsi/apppsi/ios
    builtin-validationUtility /Users/runner/work/apppsi/apppsi/build/Build/Products/Release-iphoneos/Rudder.app -validate-for-store -shallow-bundle -infoplist-subpath Info.plist

Touch /Users/runner/work/apppsi/apppsi/build/Build/Products/Release-iphoneos/Rudder.app (in target 'Rudder' from project 'Rudder')
    cd /Users/runner/work/apppsi/apppsi/ios
    /usr/bin/touch -c /Users/runner/work/apppsi/apppsi/build/Build/Products/Release-iphoneos/Rudder.app

warning: Run script build phase '[CP-User] [Hermes] Replace Hermes for the right configuration, if needed' will be run during every build because it does not specify any outputs. To address this issue, either add output dependencies to the script phase, or configure it to run in every build by unchecking "Based on dependency analysis" in the script phase. (in target 'hermes-engine' from project 'Pods')
note: Run script build phase '[CP-User] [RNDeps] Replace React Native Dependencies for the right configuration, if needed' will be run during every build because the option to run the script phase "Based on dependency analysis" is unchecked. (in target 'ReactNativeDependencies' from project 'Pods')
note: Run script build phase '[CP-User] [RN]Check FBReactNativeSpec' will be run during every build because the option to run the script phase "Based on dependency analysis" is unchecked. (in target 'React-RCTFBReactNativeSpec' from project 'Pods')
note: Run script build phase '[CP-User] [RNCore] Replace React Native Core for the right configuration, if needed' will be run during every build because the option to run the script phase "Based on dependency analysis" is unchecked. (in target 'React-Core-prebuilt' from project 'Pods')
note: Run script build phase '[CP-User] [Expo] Switch ExpoModulesWorklets XCFramework for build configuration' will be run during every build because the option to run the script phase "Based on dependency analysis" is unchecked. (in target 'ExpoModulesWorklets' from project 'Pods')
note: Run script build phase '[CP-User] Build ExpoModulesJSI xcframework' will be run during every build because the option to run the script phase "Based on dependency analysis" is unchecked. (in target 'ExpoModulesJSI' from project 'Pods')
note: Run script build phase '[CP-User] [Expo] Switch ExpoModulesCore XCFramework for build configuration' will be run during every build because the option to run the script phase "Based on dependency analysis" is unchecked. (in target 'ExpoModulesCore' from project 'Pods')
note: Run script build phase '[CP-User] [Expo] Switch ExpoLocation XCFramework for build configuration' will be run during every build because the option to run the script phase "Based on dependency analysis" is unchecked. (in target 'ExpoLocation' from project 'Pods')
note: Run script build phase '[CP-User] [Expo] Switch ExpoFont XCFramework for build configuration' will be run during every build because the option to run the script phase "Based on dependency analysis" is unchecked. (in target 'ExpoFont' from project 'Pods')
note: Run script build phase '[CP-User] [Expo] Switch ExpoFileSystem XCFramework for build configuration' will be run during every build because the option to run the script phase "Based on dependency analysis" is unchecked. (in target 'ExpoFileSystem' from project 'Pods')
note: Run script build phase 'Bundle React Native code and images' will be run during every build because the option to run the script phase "Based on dependency analysis" is unchecked. (in target 'Rudder' from project 'Rudder')
note: Run script build phase '[Expo] Configure project' will be run during every build because the option to run the script phase "Based on dependency analysis" is unchecked. (in target 'Rudder' from project 'Rudder')
warning: Run script build phase '[CP-User] react-native-maps patches' will be run during every build because it does not specify any outputs. To address this issue, either add output dependencies to the script phase, or configure it to run in every build by unchecking "Based on dependency analysis" in the script phase. (in target 'react-native-maps' from project 'Pods')
note: Run script build phase '[CP-User] Generate app.config for prebuilt Constants.manifest' will be run during every build because the option to run the script phase "Based on dependency analysis" is unchecked. (in target 'EXConstants' from project 'Pods')
** BUILD SUCCEEDED **

